System restart required ***
Last login: Fri May  9 12:45:15 2025 from 152.59.46.225
root@viralplayer:~# cdc/var/www/UrlCampaignTracker^C
root@viralplayer:~# cd /var/www/UrlCampaignTracker
root@viralplayer:/var/www/UrlCampaignTracker# nano setup_env.sh
root@viralplayer:/var/www/UrlCampaignTracker# chmod +x setup_env.sh
root@viralplayer:/var/www/UrlCampaignTracker# ./setup_env.sh
root@viralplayer:/var/www/UrlCampaignTracker# ^C
root@viralplayer:/var/www/UrlCampaignTracker# ls -l .env gmail_config.json gmail                                                                             _credentials.json "Default API key: TraffiCS10928"
-rw-r--r-- 1 root root  31 May  9 13:16 'Default API key: TraffiCS10928'
-rw------- 1 root root 853 May  9 13:16  .env
-rw------- 1 root root 771 May  9 13:16  gmail_config.json
-rw------- 1 root root 266 May  9 13:16  gmail_credentials.json
root@viralplayer:/var/www/UrlCampaignTracker# nano setup_trafficstar.sh
root@viralplayer:/var/www/UrlCampaignTracker# chmod +x setup_trafficstar.sh
root@viralplayer:/var/www/UrlCampaignTracker# ./setup_trafficstar.sh
root@viralplayer:/var/www/UrlCampaignTracker# ls -1
Active_Url_Budget_Logs
attached_assets
campaign.json
client
cookies.txt
'Default API key: TraffiCS10928'
docs
drizzle.config.ts
fixed-traffic-generator.ts
generated-icon.png
gmail_config.json
gmail_credentials.json
gmail_token.json
migrations
package.json
package-lock.json
postcss.config.js
processed_emails.log.old
README.md
replit_agent
server
setup_env.sh
setup_trafficstar.sh
setup_trafficstar.sql
shared
tailwind.config.ts
test-accurate-budget-flow.cjs
test-budget-update.js
test-comprehensive-url-budget.js
test-cumulative-budget-flow.cjs
test-new-url-handling.js
test-trafficstar-budget-update.js
test-trafficstar-cumulative-budget.cjs
test-url-budget-dedup.js
test-url-budget-direct.js
theme.json
tsconfig.json
types
update_traffic_generator.cjs
url_budget_logs
url_click_logs
vite.config.ts
root@viralplayer:/var/www/UrlCampaignTracker# nano gmsil-token.json
root@viralplayer:/var/www/UrlCampaignTracker# nano gmail-token.json
root@viralplayer:/var/www/UrlCampaignTracker# ls-1
ls-1: command not found
root@viralplayer:/var/www/UrlCampaignTracker# ls -1
Active_Url_Budget_Logs
attached_assets
campaign.json
client
cookies.txt
database_dump.sql
'Default API key: TraffiCS10928'
docs
drizzle.config.ts
fixed-traffic-generator.ts
generated-icon.png
gmail_config.json
gmail_credentials.json
gmail_token.json
migrations
package.json
package-lock.json
postcss.config.js
processed_emails.log.old
README.md
replit_agent
server
setup_env.sh
setup_trafficstar.sh
setup_trafficstar.sql
shared
tailwind.config.ts
test-accurate-budget-flow.cjs
test-budget-update.js
test-comprehensive-url-budget.js
test-cumulative-budget-flow.cjs
test-new-url-handling.js
test-trafficstar-budget-update.js
test-trafficstar-cumulative-budget.cjs
test-url-budget-dedup.js
test-url-budget-direct.js
theme.json
tsconfig.json
types
update_traffic_generator.cjs
url_budget_logs
url_click_logs
vite.config.ts
root@viralplayer:/var/www/UrlCampaignTracker# nao gmail_token.json
Command 'nao' not found, did you mean:
  command 'nano' from deb nano (6.2-1ubuntu0.1)
  command 'na6' from deb ipv6toolkit (2.0+ds.1-1)
  command 'tao' from deb taopm (1.0-7)
  command 'nad' from deb ncbi-acc-download (0.2.8-1)
  command 'nam' from deb nam (1.15-5.2)
Try: apt install <deb name>
root@viralplayer:/var/www/UrlCampaignTracker# nano gmail_token.json
root@viralplayer:/var/www/UrlCampaignTracker# chmod 600 gmail_token.json
root@viralplayer:/var/www/UrlCampaignTracker# # Import the database
cd /var/www/UrlCampaignTracker
PGPASSWORD=npg_U8evoXZz0WOB psql -h localhost -U neondb_owner -d neondb < databa                                                                             se_dump.sql

# Install dependencies
npm install

# Run database migrations
npm run db:push

# Apply the TrafficStar credentials
PGPASSWORD=npg_U8evoXZz0WOB psql -h localhost -U neondb_owner -d neondb < setup_                                                                             trafficstar.sql

# Build the project
npm run build
SET
SET
SET
SET
SET
 set_config
------------

(1 row)

SET
SET
SET
SET
CREATE TYPE
ALTER TYPE
CREATE FUNCTION
ALTER FUNCTION
CREATE FUNCTION
ALTER FUNCTION
CREATE FUNCTION
ALTER FUNCTION
CREATE FUNCTION
ALTER FUNCTION
CREATE FUNCTION
ALTER FUNCTION
CREATE FUNCTION
ALTER FUNCTION
CREATE FUNCTION
ALTER FUNCTION
CREATE FUNCTION
ALTER FUNCTION
CREATE FUNCTION
ALTER FUNCTION
CREATE FUNCTION
ALTER FUNCTION
CREATE FUNCTION
ALTER FUNCTION
CREATE FUNCTION
ALTER FUNCTION
CREATE FUNCTION
ALTER FUNCTION
SET
SET
CREATE TABLE
ALTER TABLE
CREATE SEQUENCE
ALTER SEQUENCE
ALTER SEQUENCE
CREATE TABLE
ALTER TABLE
CREATE SEQUENCE
ALTER SEQUENCE
ALTER SEQUENCE
CREATE TABLE
ALTER TABLE
CREATE SEQUENCE
ALTER SEQUENCE
ALTER SEQUENCE
CREATE TABLE
ALTER TABLE
CREATE SEQUENCE
ALTER SEQUENCE
ALTER SEQUENCE
CREATE TABLE
ALTER TABLE
CREATE SEQUENCE
ALTER SEQUENCE
ALTER SEQUENCE
CREATE TABLE
ALTER TABLE
CREATE SEQUENCE
ALTER SEQUENCE
ALTER SEQUENCE
CREATE TABLE
ALTER TABLE
CREATE SEQUENCE
ALTER SEQUENCE
ALTER SEQUENCE
CREATE TABLE
ALTER TABLE
CREATE SEQUENCE
ALTER SEQUENCE
ALTER SEQUENCE
CREATE TABLE
ALTER TABLE
CREATE SEQUENCE
ALTER SEQUENCE
ALTER SEQUENCE
CREATE TABLE
ALTER TABLE
CREATE TABLE
ALTER TABLE
CREATE TABLE
ALTER TABLE
CREATE SEQUENCE
ALTER SEQUENCE
ALTER SEQUENCE
CREATE TABLE
ALTER TABLE
CREATE SEQUENCE
ALTER SEQUENCE
ALTER SEQUENCE
CREATE TABLE
ALTER TABLE
CREATE SEQUENCE
ALTER SEQUENCE
ALTER SEQUENCE
CREATE TABLE
ALTER TABLE
CREATE SEQUENCE
ALTER SEQUENCE
ALTER SEQUENCE
CREATE TABLE
ALTER TABLE
CREATE SEQUENCE
ALTER SEQUENCE
ALTER SEQUENCE
CREATE TABLE
ALTER TABLE
CREATE SEQUENCE
ALTER SEQUENCE
ALTER SEQUENCE
CREATE TABLE
ALTER TABLE
CREATE SEQUENCE
ALTER SEQUENCE
ALTER SEQUENCE
CREATE TABLE
ALTER TABLE
CREATE SEQUENCE
ALTER SEQUENCE
ALTER SEQUENCE
CREATE TABLE
ALTER TABLE
CREATE SEQUENCE
ALTER SEQUENCE
ALTER SEQUENCE
CREATE TABLE
ALTER TABLE
CREATE SEQUENCE
ALTER SEQUENCE
ALTER SEQUENCE
ALTER TABLE
ALTER TABLE
ALTER TABLE
ALTER TABLE
ALTER TABLE
ALTER TABLE
ALTER TABLE
ALTER TABLE
ALTER TABLE
ALTER TABLE
ALTER TABLE
ALTER TABLE
ALTER TABLE
ALTER TABLE
ALTER TABLE
ALTER TABLE
ALTER TABLE
ALTER TABLE
ALTER TABLE
COPY 16
COPY 18
COPY 1
COPY 109
COPY 2
COPY 0
COPY 4
COPY 2
COPY 161
COPY 1
COPY 0
COPY 3
COPY 4
COPY 0
COPY 1
COPY 0
COPY 0
COPY 157
COPY 1
COPY 602
COPY 16
 setval
--------
     16
(1 row)

 setval
--------
     18
(1 row)

 setval
--------
      1
(1 row)

 setval
--------
    109
(1 row)

 setval
--------
      2
(1 row)

 setval
--------
   8710
(1 row)

 setval
--------
      4
(1 row)

 setval
--------
      2
(1 row)

 setval
--------
    160
(1 row)

 setval
--------
      3
(1 row)

 setval
--------
      4
(1 row)

 setval
--------
      1
(1 row)

 setval
--------
      1
(1 row)

 setval
--------
     33
(1 row)

 setval
--------
      1
(1 row)

 setval
--------
    158
(1 row)

 setval
--------
      3
(1 row)

 setval
--------
    653
(1 row)

 setval
--------
     16
(1 row)

ALTER TABLE
ALTER TABLE
ALTER TABLE
ALTER TABLE
ALTER TABLE
ALTER TABLE
ALTER TABLE
ALTER TABLE
ALTER TABLE
ALTER TABLE
ALTER TABLE
ALTER TABLE
ALTER TABLE
ALTER TABLE
ALTER TABLE
ALTER TABLE
ALTER TABLE
ALTER TABLE
ALTER TABLE
ALTER TABLE
ALTER TABLE
ALTER TABLE
ALTER TABLE
ALTER TABLE
ALTER TABLE
ALTER TABLE
ALTER TABLE
CREATE INDEX
CREATE INDEX
CREATE INDEX
CREATE INDEX
CREATE INDEX
CREATE INDEX
CREATE INDEX
CREATE INDEX
CREATE INDEX
CREATE INDEX
CREATE TRIGGER
CREATE TRIGGER
CREATE TRIGGER
CREATE TRIGGER
CREATE TRIGGER
ALTER TABLE
ALTER TABLE
ALTER TABLE
ALTER TABLE
ALTER TABLE
ALTER TABLE
ALTER TABLE
ERROR:  role "neon_superuser" does not exist
ERROR:  role "neon_superuser" does not exist
npm warn deprecated @esbuild-kit/core-utils@3.3.2: Merged into tsx: https://tsx.                                                                             is
npm warn deprecated @esbuild-kit/esm-loader@2.6.5: Merged into tsx: https://tsx.                                                                             is

added 637 packages, and audited 638 packages in 4s

81 packages are looking for funding
  run `npm fund` for details

14 vulnerabilities (7 moderate, 3 high, 4 critical)

To address issues that do not require attention, run:
  npm audit fix

To address all issues (including breaking changes), run:
  npm audit fix --force

Run `npm audit` for details.
npm notice
npm notice New major version of npm available! 10.8.2 -> 11.3.0
npm notice Changelog: https://github.com/npm/cli/releases/tag/v11.3.0
npm notice To update run: npm install -g npm@11.3.0
npm notice

> rest-express@1.0.0 db:push
> drizzle-kit push

No config path provided, using default 'drizzle.config.ts'
Reading config file '/var/www/UrlCampaignTracker/drizzle.config.ts'
Using 'pg' driver for database querying
[⣷] Pulling schema from database...
Error: self-signed certificate
    at /var/www/UrlCampaignTracker/node_modules/pg-pool/index.js:45:11
    at process.processTicksAndRejections (node:internal/process/task_queues:95:5                                                                             )
    at async Object.query (/var/www/UrlCampaignTracker/node_modules/drizzle-kit/                                                                             bin.cjs:66575:26)
    at async fromDatabase2 (/var/www/UrlCampaignTracker/node_modules/drizzle-kit                                                                             /bin.cjs:18700:25) {
  code: 'DEPTH_ZERO_SELF_SIGNED_CERT'
}
DELETE 1
INSERT 0 1

> rest-express@1.0.0 build
> vite build && esbuild server/index.ts --platform=node --packages=external --bu                                                                             ndle --format=esm --outdir=dist

vite v5.4.14 building for production...
transforming (3) src/main.tsxBrowserslist: browsers data (caniuse-lite) is 7 mon                                                                             ths old. Please run:
  npx update-browserslist-db@latest
  Why you should do it regularly: https://github.com/browserslist/update-db#read                                                                             me
✓ 3573 modules transformed.
../dist/public/index.html                     2.02 kB │ gzip:   0.86 kB
../dist/public/assets/index-Dfa5Xv9c.css     67.48 kB │ gzip:  11.73 kB
../dist/public/assets/index-D0AL69SA.js   1,336.06 kB │ gzip: 371.49 kB

(!) Some chunks are larger than 500 kB after minification. Consider:
- Using dynamic import() to code-split the application
- Use build.rollupOptions.output.manualChunks to improve chunking: https://rollu                                                                             pjs.org/configuration-options/#output-manualchunks
- Adjust chunk size limit for this warning via build.chunkSizeWarningLimit.
✓ built in 4.31s

  dist/index.js  621.1kb

⚡ Done in 13ms
root@viralplayer:/var/www/UrlCampaignTracker# # Install PM2 globally
npm install -g pm2

# Start the application with PM2
pm2 start dist/index.js --name urlcampaigntracker

# Configure PM2 to start on boot
pm2 startup
# Run the command that PM2 outputs
pm2 save

added 134 packages in 2s

13 packages are looking for funding
  run `npm fund` for details

                        -------------

__/\\\\\\\\\\\\\____/\\\\____________/\\\\____/\\\\\\\\\_____
 _\/\\\/////////\\\_\/\\\\\\________/\\\\\\__/\\\///////\\\___
  _\/\\\_______\/\\\_\/\\\//\\\____/\\\//\\\_\///______\//\\\__
   _\/\\\\\\\\\\\\\/__\/\\\\///\\\/\\\/_\/\\\___________/\\\/___
    _\/\\\/////////____\/\\\__\///\\\/___\/\\\________/\\\//_____
     _\/\\\_____________\/\\\____\///_____\/\\\_____/\\\//________
      _\/\\\_____________\/\\\_____________\/\\\___/\\\/___________
       _\/\\\_____________\/\\\_____________\/\\\__/\\\\\\\\\\\\\\\_
        _\///______________\///______________\///__\///////////////__


                          Runtime Edition

        PM2 is a Production Process Manager for Node.js applications
                     with a built-in Load Balancer.

                Start and Daemonize any application:
                $ pm2 start app.js

                Load Balance 4 instances of api.js:
                $ pm2 start api.js -i 4

                Monitor in production:
                $ pm2 monitor

                Make pm2 auto-boot at server restart:
                $ pm2 startup

                To go further checkout:
                http://pm2.io/


                        -------------

[PM2] Spawning PM2 daemon with pm2_home=/root/.pm2
[PM2] PM2 Successfully daemonized
[PM2] Starting /var/www/UrlCampaignTracker/dist/index.js in fork_mode (1 instanc                                                                             e)
[PM2] Done.
┌────┬────────────────────┬──────────┬──────┬───────────┬──────────┬──────────┐
│ id │ name               │ mode     │ ↺    │ status    │ cpu      │ memory   │
├────┼────────────────────┼──────────┼──────┼───────────┼──────────┼──────────┤
│ 0  │ urlcampaigntracker │ fork     │ 0    │ online    │ 0%       │ 30.0mb   │
└────┴────────────────────┴──────────┴──────┴───────────┴──────────┴──────────┘
[PM2] Init System found: systemd
Platform systemd
Template
[Unit]
Description=PM2 process manager
Documentation=https://pm2.keymetrics.io/
After=network.target

[Service]
Type=forking
User=root
LimitNOFILE=infinity
LimitNPROC=infinity
LimitCORE=infinity
Environment=PATH=/root/.nvm/versions/node/v20.18.1/bin:/usr/local/sbin:/usr/loca                                                                             l/bin:/usr/sbin:/usr/bin:/sbin:/bin:/usr/games:/usr/local/games:/snap/bin:/bin:/                                                                             usr/local/sbin:/usr/local/bin:/usr/sbin:/usr/bin
Environment=PM2_HOME=/root/.pm2
PIDFile=/root/.pm2/pm2.pid
Restart=on-failure

ExecStart=/root/.nvm/versions/node/v20.18.1/lib/node_modules/pm2/bin/pm2 resurre                                                                             ct
ExecReload=/root/.nvm/versions/node/v20.18.1/lib/node_modules/pm2/bin/pm2 reload                                                                              all
ExecStop=/root/.nvm/versions/node/v20.18.1/lib/node_modules/pm2/bin/pm2 kill

[Install]
WantedBy=multi-user.target

Target path
/etc/systemd/system/pm2-root.service
Command list
[ 'systemctl enable pm2-root' ]
[PM2] Writing init configuration in /etc/systemd/system/pm2-root.service
[PM2] Making script booting at startup...
[PM2] [-] Executing: systemctl enable pm2-root...
Created symlink /etc/systemd/system/multi-user.target.wants/pm2-root.service → /                                                                             etc/systemd/system/pm2-root.service.
[PM2] [v] Command successfully executed.
+---------------------------------------+
[PM2] Freeze a process list on reboot via:
$ pm2 save

[PM2] Remove init script via:
$ pm2 unstartup systemd
[PM2] Saving current process list...
[PM2] Successfully saved in /root/.pm2/dump.pm2
root@viralplayer:/var/www/UrlCampaignTracker# # Install Nginx
apt install -y nginx certbot python3-certbot-nginx

# Create Nginx configuration for your domain
cat > /etc/nginx/sites-available/viralplayer.xyz << 'EOF'
server {
    server_name viralplayer.xyz www.viralplayer.xyz;

    location / {
        proxy_pass http://localhost:5000;
        proxy_http_version 1.1;
        proxy_set_header Upgrade $http_upgrade;
        proxy_set_header Connection 'upgrade';
        proxy_set_header Host $host;
        proxy_cache_bypass $http_upgrade;
        proxy_set_header X-Real-IP $remote_addr;
        proxy_set_header X-Forwarded-For $proxy_add_x_forwarded_for;
        proxy_set_header X-Forwarded-Proto $scheme;
    }

    # HTTP/2 support
    http2 on;

    # Buffer settings for large headers
systemctl restart nginxxnabled/defaultplayer.xyz /etc/nginx/sites-enabled/
Reading package lists... Done
Building dependency tree... Done
Reading state information... Done
The following packages were automatically installed and are no longer required:
  linux-headers-5.15.0-130 linux-headers-5.15.0-130-generic
  linux-image-5.15.0-130-generic linux-modules-5.15.0-130-generic
  linux-modules-extra-5.15.0-130-generic
Use 'apt autoremove' to remove them.
The following additional packages will be installed:
  libnginx-mod-http-geoip2 libnginx-mod-http-image-filter
  libnginx-mod-http-xslt-filter libnginx-mod-mail libnginx-mod-stream
  libnginx-mod-stream-geoip2 nginx-common nginx-core python3-acme
  python3-certbot python3-configargparse python3-icu python3-josepy
  python3-parsedatetime python3-requests-toolbelt python3-rfc3339
  python3-zope.component python3-zope.event python3-zope.hookable
Suggested packages:
  python-certbot-doc python3-certbot-apache fcgiwrap nginx-doc python-acme-doc
  python-certbot-nginx-doc
The following NEW packages will be installed:
  certbot libnginx-mod-http-geoip2 libnginx-mod-http-image-filter
  libnginx-mod-http-xslt-filter libnginx-mod-mail libnginx-mod-stream
  libnginx-mod-stream-geoip2 nginx nginx-common nginx-core python3-acme
  python3-certbot python3-certbot-nginx python3-configargparse python3-icu
  python3-josepy python3-parsedatetime python3-requests-toolbelt
  python3-rfc3339 python3-zope.component python3-zope.event
  python3-zope.hookable
0 upgraded, 22 newly installed, 0 to remove and 3 not upgraded.
Need to get 1,691 kB of archives.
After this operation, 7,472 kB of additional disk space will be used.
Get:1 http://archive.ubuntu.com/ubuntu jammy-updates/main amd64 nginx-common all                                                                              1.18.0-6ubuntu14.6 [40.1 kB]
Get:2 http://archive.ubuntu.com/ubuntu jammy-updates/main amd64 libnginx-mod-htt                                                                             p-geoip2 amd64 1.18.0-6ubuntu14.6 [12.0 kB]
Get:3 http://archive.ubuntu.com/ubuntu jammy-updates/main amd64 libnginx-mod-htt                                                                             p-image-filter amd64 1.18.0-6ubuntu14.6 [15.5 kB]
Get:4 http://archive.ubuntu.com/ubuntu jammy-updates/main amd64 libnginx-mod-htt                                                                             p-xslt-filter amd64 1.18.0-6ubuntu14.6 [13.8 kB]
Get:5 http://archive.ubuntu.com/ubuntu jammy-updates/main amd64 libnginx-mod-mai                                                                             l amd64 1.18.0-6ubuntu14.6 [45.8 kB]
Get:6 http://archive.ubuntu.com/ubuntu jammy-updates/main amd64 libnginx-mod-str                                                                             eam amd64 1.18.0-6ubuntu14.6 [73.0 kB]
Get:7 http://archive.ubuntu.com/ubuntu jammy-updates/main amd64 libnginx-mod-str                                                                             eam-geoip2 amd64 1.18.0-6ubuntu14.6 [10.1 kB]
Get:8 http://archive.ubuntu.com/ubuntu jammy-updates/main amd64 nginx-core amd64                                                                              1.18.0-6ubuntu14.6 [483 kB]
Get:9 http://archive.ubuntu.com/ubuntu jammy-updates/main amd64 nginx amd64 1.18                                                                             .0-6ubuntu14.6 [3,882 B]
Get:10 http://archive.ubuntu.com/ubuntu jammy/universe amd64 python3-josepy all                                                                              1.10.0-1 [22.0 kB]
Get:11 http://archive.ubuntu.com/ubuntu jammy/main amd64 python3-requests-toolbe                                                                             lt all 0.9.1-1 [38.0 kB]
Get:12 http://archive.ubuntu.com/ubuntu jammy/main amd64 python3-rfc3339 all 1.1                                                                             -3 [7,110 B]
Get:13 http://archive.ubuntu.com/ubuntu jammy-updates/universe amd64 python3-acm                                                                             e all 1.21.0-1ubuntu0.1 [36.4 kB]
Get:14 http://archive.ubuntu.com/ubuntu jammy/universe amd64 python3-configargpa                                                                             rse all 1.5.3-1 [26.9 kB]
Get:15 http://archive.ubuntu.com/ubuntu jammy/universe amd64 python3-parsedateti                                                                             me all 2.6-2 [32.9 kB]
Get:16 http://archive.ubuntu.com/ubuntu jammy/universe amd64 python3-zope.hookab                                                                             le amd64 5.1.0-1build1 [11.6 kB]
Get:17 http://archive.ubuntu.com/ubuntu jammy/universe amd64 python3-zope.event                                                                              all 4.4-3 [8,180 B]
Get:18 http://archive.ubuntu.com/ubuntu jammy/universe amd64 python3-zope.compon                                                                             ent all 4.3.0-3 [38.3 kB]
Get:19 http://archive.ubuntu.com/ubuntu jammy/universe amd64 python3-certbot all                                                                              1.21.0-1build1 [175 kB]
Get:20 http://archive.ubuntu.com/ubuntu jammy/universe amd64 certbot all 1.21.0-                                                                             1build1 [21.3 kB]
Get:21 http://archive.ubuntu.com/ubuntu jammy/universe amd64 python3-certbot-ngi                                                                             nx all 1.21.0-1 [35.4 kB]
Get:22 http://archive.ubuntu.com/ubuntu jammy/main amd64 python3-icu amd64 2.8.1                                                                             -0ubuntu2 [540 kB]
Fetched 1,691 kB in 1s (3,359 kB/s)
Preconfiguring packages ...
Selecting previously unselected package nginx-common.
(Reading database ... 97905 files and directories currently installed.)
Preparing to unpack .../00-nginx-common_1.18.0-6ubuntu14.6_all.deb ...
Unpacking nginx-common (1.18.0-6ubuntu14.6) ...
Selecting previously unselected package libnginx-mod-http-geoip2.
Preparing to unpack .../01-libnginx-mod-http-geoip2_1.18.0-6ubuntu14.6_amd64.deb                                                                              ...
Unpacking libnginx-mod-http-geoip2 (1.18.0-6ubuntu14.6) ...
Selecting previously unselected package libnginx-mod-http-image-filter.
Preparing to unpack .../02-libnginx-mod-http-image-filter_1.18.0-6ubuntu14.6_amd                                                                             64.deb ...
Unpacking libnginx-mod-http-image-filter (1.18.0-6ubuntu14.6) ...
Selecting previously unselected package libnginx-mod-http-xslt-filter.
Preparing to unpack .../03-libnginx-mod-http-xslt-filter_1.18.0-6ubuntu14.6_amd6                                                                             4.deb ...
Unpacking libnginx-mod-http-xslt-filter (1.18.0-6ubuntu14.6) ...
Selecting previously unselected package libnginx-mod-mail.
Preparing to unpack .../04-libnginx-mod-mail_1.18.0-6ubuntu14.6_amd64.deb ...
Unpacking libnginx-mod-mail (1.18.0-6ubuntu14.6) ...
Selecting previously unselected package libnginx-mod-stream.
Preparing to unpack .../05-libnginx-mod-stream_1.18.0-6ubuntu14.6_amd64.deb ...
Unpacking libnginx-mod-stream (1.18.0-6ubuntu14.6) ...
Selecting previously unselected package libnginx-mod-stream-geoip2.
Preparing to unpack .../06-libnginx-mod-stream-geoip2_1.18.0-6ubuntu14.6_amd64.d                                                                             eb ...
Unpacking libnginx-mod-stream-geoip2 (1.18.0-6ubuntu14.6) ...
Selecting previously unselected package nginx-core.
Preparing to unpack .../07-nginx-core_1.18.0-6ubuntu14.6_amd64.deb ...
Unpacking nginx-core (1.18.0-6ubuntu14.6) ...
Selecting previously unselected package nginx.
Preparing to unpack .../08-nginx_1.18.0-6ubuntu14.6_amd64.deb ...
Unpacking nginx (1.18.0-6ubuntu14.6) ...
Selecting previously unselected package python3-josepy.
Preparing to unpack .../09-python3-josepy_1.10.0-1_all.deb ...
Unpacking python3-josepy (1.10.0-1) ...
Selecting previously unselected package python3-requests-toolbelt.
Preparing to unpack .../10-python3-requests-toolbelt_0.9.1-1_all.deb ...
Unpacking python3-requests-toolbelt (0.9.1-1) ...
Selecting previously unselected package python3-rfc3339.
Preparing to unpack .../11-python3-rfc3339_1.1-3_all.deb ...
Unpacking python3-rfc3339 (1.1-3) ...
Selecting previously unselected package python3-acme.
Preparing to unpack .../12-python3-acme_1.21.0-1ubuntu0.1_all.deb ...
Unpacking python3-acme (1.21.0-1ubuntu0.1) ...
Selecting previously unselected package python3-configargparse.
Preparing to unpack .../13-python3-configargparse_1.5.3-1_all.deb ...
Unpacking python3-configargparse (1.5.3-1) ...
Selecting previously unselected package python3-parsedatetime.
Preparing to unpack .../14-python3-parsedatetime_2.6-2_all.deb ...
Unpacking python3-parsedatetime (2.6-2) ...
Selecting previously unselected package python3-zope.hookable.
Preparing to unpack .../15-python3-zope.hookable_5.1.0-1build1_amd64.deb ...
Unpacking python3-zope.hookable (5.1.0-1build1) ...
Selecting previously unselected package python3-zope.event.
Preparing to unpack .../16-python3-zope.event_4.4-3_all.deb ...
Unpacking python3-zope.event (4.4-3) ...
Selecting previously unselected package python3-zope.component.
Preparing to unpack .../17-python3-zope.component_4.3.0-3_all.deb ...
Unpacking python3-zope.component (4.3.0-3) ...
Selecting previously unselected package python3-certbot.
Preparing to unpack .../18-python3-certbot_1.21.0-1build1_all.deb ...
Unpacking python3-certbot (1.21.0-1build1) ...
Selecting previously unselected package certbot.
Preparing to unpack .../19-certbot_1.21.0-1build1_all.deb ...
Unpacking certbot (1.21.0-1build1) ...
Selecting previously unselected package python3-certbot-nginx.
Preparing to unpack .../20-python3-certbot-nginx_1.21.0-1_all.deb ...
Unpacking python3-certbot-nginx (1.21.0-1) ...
Selecting previously unselected package python3-icu.
Preparing to unpack .../21-python3-icu_2.8.1-0ubuntu2_amd64.deb ...
Unpacking python3-icu (2.8.1-0ubuntu2) ...
Setting up python3-configargparse (1.5.3-1) ...
Setting up python3-requests-toolbelt (0.9.1-1) ...
Setting up python3-parsedatetime (2.6-2) ...
Setting up python3-icu (2.8.1-0ubuntu2) ...
Setting up python3-zope.event (4.4-3) ...
Setting up nginx-common (1.18.0-6ubuntu14.6) ...
Created symlink /etc/systemd/system/multi-user.target.wants/nginx.service → /lib                                                                             /systemd/system/nginx.service.
Setting up libnginx-mod-http-xslt-filter (1.18.0-6ubuntu14.6) ...
Setting up python3-zope.hookable (5.1.0-1build1) ...
Setting up python3-josepy (1.10.0-1) ...
Setting up python3-rfc3339 (1.1-3) ...
Setting up libnginx-mod-http-geoip2 (1.18.0-6ubuntu14.6) ...
Setting up libnginx-mod-mail (1.18.0-6ubuntu14.6) ...
Setting up libnginx-mod-http-image-filter (1.18.0-6ubuntu14.6) ...
Setting up libnginx-mod-stream (1.18.0-6ubuntu14.6) ...
Setting up python3-zope.component (4.3.0-3) ...
Setting up python3-acme (1.21.0-1ubuntu0.1) ...
Setting up python3-certbot (1.21.0-1build1) ...
Setting up certbot (1.21.0-1build1) ...
Created symlink /etc/systemd/system/timers.target.wants/certbot.timer → /lib/sys                                                                             temd/system/certbot.timer.
Setting up libnginx-mod-stream-geoip2 (1.18.0-6ubuntu14.6) ...
Setting up nginx-core (1.18.0-6ubuntu14.6) ...
 * Upgrading binary nginx                                                [ OK ]
Setting up nginx (1.18.0-6ubuntu14.6) ...
Setting up python3-certbot-nginx (1.21.0-1) ...
Processing triggers for man-db (2.10.2-1) ...
Scanning processes...
Scanning candidates...
Scanning processor microcode...
Scanning linux images...

The processor microcode seems to be up-to-date.

Restarting services...
Service restarts being deferred:
 /etc/needrestart/restart.d/dbus.service
 systemctl restart getty@tty1.service
 systemctl restart networkd-dispatcher.service
 systemctl restart systemd-logind.service
 systemctl restart user@0.service

No containers need to be restarted.

No user sessions are running outdated binaries.

No VM guests are running outdated hypervisor (qemu) binaries on this host.
nginx: [emerg] unknown directive "http2" in /etc/nginx/sites-enabled/viralplayer                                                                             .xyz:17
nginx: configuration file /etc/nginx/nginx.conf test failed
Job for nginx.service failed because the control process exited with error code.
See "systemctl status nginx.service" and "journalctl -xeu nginx.service" for det                                                                             ails.
root@viralplayer:/var/www/UrlCampaignTracker# # Install Nginx
apt install -y nginx certbot python3-certbot-nginx

# Create Nginx configuration for your domain
cat > /etc/nginx/sites-available/viralplayer.xyz << 'EOF'
server {
    server_name viralplayer.xyz www.viralplayer.xyz;

    location / {
        proxy_pass http://localhost:5000;
        proxy_http_version 1.1;
        proxy_set_header Upgrade $http_upgrade;
        proxy_set_header Connection 'upgrade';
        proxy_set_header Host $host;
        proxy_cache_bypass $http_upgrade;
        proxy_set_header X-Real-IP $remote_addr;
        proxy_set_header X-Forwarded-For $proxy_add_x_forwarded_for;
        proxy_set_header X-Forwarded-Proto $scheme;
    }

    # HTTP/2 support
    http2 on;

    # Buffer settings for large headers
systemctl restart nginxxnabled/defaultplayer.xyz /etc/nginx/sites-enabled/
Reading package lists... Done
Building dependency tree... Done
Reading state information... Done
certbot is already the newest version (1.21.0-1build1).
python3-certbot-nginx is already the newest version (1.21.0-1).
nginx is already the newest version (1.18.0-6ubuntu14.6).
The following packages were automatically installed and are no longer required:
  linux-headers-5.15.0-130 linux-headers-5.15.0-130-generic
  linux-image-5.15.0-130-generic linux-modules-5.15.0-130-generic
  linux-modules-extra-5.15.0-130-generic
Use 'apt autoremove' to remove them.
0 upgraded, 0 newly installed, 0 to remove and 3 not upgraded.
ln: failed to create symbolic link '/etc/nginx/sites-enabled/viralplayer.xyz': F                                                                             ile exists
nginx: [emerg] unknown directive "http2" in /etc/nginx/sites-enabled/viralplayer                                                                             .xyz:17
nginx: configuration file /etc/nginx/nginx.conf test failed
Job for nginx.service failed because the control process exited with error code.
See "systemctl status nginx.service" and "journalctl -xeu nginx.service" for det                                                                             ails.
root@viralplayer:/var/www/UrlCampaignTracker# # Obtain SSL certificate
certbot --nginx -d viralplayer.xyz -d www.viralplayer.xyz
# Follow the prompts and choose option 2 to redirect HTTP to HTTPS
Saving debug log to /var/log/letsencrypt/letsencrypt.log
Error while running nginx -c /etc/nginx/nginx.conf -t.

nginx: [emerg] unknown directive "http2" in /etc/nginx/sites-enabled/viralplayer                                                                             .xyz:17
nginx: configuration file /etc/nginx/nginx.conf test failed

The nginx plugin is not working; there may be problems with your existing config                                                                             uration.
The error was: MisconfigurationError('Error while running nginx -c /etc/nginx/ng                                                                             inx.conf -t.\n\nnginx: [emerg] unknown directive "http2" in /etc/nginx/sites-ena                                                                             bled/viralplayer.xyz:17\nnginx: configuration file /etc/nginx/nginx.conf test fa                                                                             iled\n')
root@viralplayer:/var/www/UrlCampaignTracker# # Set permissions
chown -R www-data:www-data /var/www/UrlCampaignTracker
chmod -R 755 /var/www/UrlCampaignTracker
chmod 777 /var/www/UrlCampaignTracker/url_click_logs
chmod 777 /var/www/UrlCampaignTracker/Active_Url_Budget_Logs

# Configure firewall
apt install -y ufw
ufw allow ssh
ufw allow http
ufw allow https
ufw enable
Reading package lists... Done
Building dependency tree... Done
Reading state information... Done
The following packages were automatically installed and are no longer required:
  linux-headers-5.15.0-130 linux-headers-5.15.0-130-generic
  linux-image-5.15.0-130-generic linux-modules-5.15.0-130-generic
  linux-modules-extra-5.15.0-130-generic
Use 'apt autoremove' to remove them.
The following NEW packages will be installed:
  ufw
0 upgraded, 1 newly installed, 0 to remove and 3 not upgraded.
Need to get 162 kB of archives.
After this operation, 850 kB of additional disk space will be used.
Get:1 http://archive.ubuntu.com/ubuntu jammy-updates/main amd64 ufw all 0.36.1-4                                                                             ubuntu0.1 [162 kB]
Fetched 162 kB in 0s (1,081 kB/s)
Preconfiguring packages ...
Selecting previously unselected package ufw.
(Reading database ... 98413 files and directories currently installed.)
Preparing to unpack .../ufw_0.36.1-4ubuntu0.1_all.deb ...
Unpacking ufw (0.36.1-4ubuntu0.1) ...
Setting up ufw (0.36.1-4ubuntu0.1) ...

Creating config file /etc/ufw/before.rules with new version

Creating config file /etc/ufw/before6.rules with new version

Creating config file /etc/ufw/after.rules with new version

Creating config file /etc/ufw/after6.rules with new version
Created symlink /etc/systemd/system/multi-user.target.wants/ufw.service → /lib/s                                                                             ystemd/system/ufw.service.
Processing triggers for rsyslog (8.2112.0-2ubuntu2.2) ...
Processing triggers for man-db (2.10.2-1) ...
Scanning processes...
Scanning candidates...
Scanning processor microcode...
Scanning linux images...

The processor microcode seems to be up-to-date.

Restarting services...
Service restarts being deferred:
 /etc/needrestart/restart.d/dbus.service
 systemctl restart getty@tty1.service
 systemctl restart networkd-dispatcher.service
 systemctl restart systemd-logind.service
 systemctl restart user@0.service

No containers need to be restarted.

No user sessions are running outdated binaries.

No VM guests are running outdated hypervisor (qemu) binaries on this host.
Rules updated
Rules updated (v6)
Rules updated
Rules updated (v6)
Rules updated
Rules updated (v6)
Command may disrupt existing ssh connections. Proceed with operation (y|n)? y
Firewall is active and enabled on system startup
root@viralplayer:/var/www/UrlCampaignTracker# # Restart services
systemctl restart postgresql nginx
pm2 restart urlcampaigntracker

# Check application logs
pm2 logs urlcampaigntracker

# Verify TrafficStar configuration
PGPASSWORD=npg_U8evoXZz0WOB psql -h localhost -U neondb_owner -d neondb -c "SELE                                                                             CT id, LEFT(api_key, 30) || '...' as api_key, token_expiry FROM trafficstar_cred                                                                             entials;"

# Check that database connection is working
node -e "const { Pool } = require('pg'); const pool = new Pool({ connectionStrin                                                                             g: 'postgresql://neondb_owner:npg_U8evoXZz0WOB@localhost:5432/neondb' }); pool.q                                                                             uery('SELECT NOW()', (err, res) => { console.log(err ? err : res.rows[0]); pool.                                                                             end(); });"

# Test the application
curl http://localhost:5000/api/health
Job for nginx.service failed because the control process exited with error code.
See "systemctl status nginx.service" and "journalctl -xeu nginx.service" for det                                                                             ails.
Use --update-env to update environment variables
[PM2] Applying action restartProcessId on app [urlcampaigntracker](ids: [ 0 ])
[PM2] [urlcampaigntracker](0) ✓
┌────┬────────────────────┬──────────┬──────┬───────────┬──────────┬──────────┐
│ id │ name               │ mode     │ ↺    │ status    │ cpu      │ memory   │
├────┼────────────────────┼──────────┼──────┼───────────┼──────────┼──────────┤
│ 0  │ urlcampaigntracker │ fork     │ 1    │ online    │ 0%       │ 19.0mb   │
└────┴────────────────────┴──────────┴──────┴───────────┴──────────┴──────────┘
[TAILING] Tailing last 15 lines for [urlcampaigntracker] process (change the val                                                                             ue with --lines option)
/root/.pm2/logs/urlcampaigntracker-out.log last 15 lines:
/root/.pm2/logs/urlcampaigntracker-error.log last 15 lines:
0|urlcampa | Error: DATABASE_URL must be set. Did you forget to provision a data                                                                             base?
0|urlcampa |     at server/db.ts (file:///var/www/UrlCampaignTracker/dist/index.                                                                             js:646:13)
0|urlcampa |     at __init (file:///var/www/UrlCampaignTracker/dist/index.js:4:5                                                                             6)
0|urlcampa |     at file:///var/www/UrlCampaignTracker/dist/index.js:5154:1
0|urlcampa |     at ModuleJob.run (node:internal/modules/esm/module_job:234:25)
0|urlcampa |     at async ModuleLoader.import (node:internal/modules/esm/loader:                                                                             473:24)

0|urlcampaigntracker  | Error: DATABASE_URL must be set. Did you forget to provi                                                                             sion a database?
0|urlcampaigntracker  |     at server/db.ts (file:///var/www/UrlCampaignTracker/                                                                             dist/index.js:646:13)
0|urlcampaigntracker  |     at __init (file:///var/www/UrlCampaignTracker/dist/i                                                                             ndex.js:4:56)
0|urlcampaigntracker  |     at file:///var/www/UrlCampaignTracker/dist/index.js:                                                                             5154:1
0|urlcampaigntracker  |     at ModuleJob.run (node:internal/modules/esm/module_j                                                                             ob:234:25)
0|urlcampaigntracker  |     at async ModuleLoader.import (node:internal/modules/                                                                             esm/loader:473:24)
^C
 id |              api_key              |      token_expiry
----+-----------------------------------+-------------------------
  1 | eyJhbGciOiJIUzI1NiIsInR5cCIgOi... | 2025-05-05 07:03:52.664
(1 row)

{ now: 2025-05-09T13:26:59.936Z }
curl: (7) Failed to connect to localhost port 5000 after 0 ms: Connection refused
root@viralplayer:/var/www/UrlCampaignTracker#
